
Overnight-slip sweep on F.US.ENQZ25.scid (MT=6 extended session)

========== SCENARIO: prod_session ==========
  overrides: {'NEWS_FILTER': 1, 'TARGET_VOL': 3000, 'SCALE_OUT': False, 'MAX_TRADES': 6, 'DAILY_LOSS': 800.0, 'DAILY_PROF': 0.0, 'RTH_OPEN': 935, 'FLATTEN_HHMM': 1555, 'LATE_ENTRY_GATE': 1555, 'C_OPEN_COOL': 36}
Reading F.US.ENQZ25.scid
  File size: 1.37 GB  (34,258,109 records)  price_scale=÷1
  Loaded 34,258,109 records.
Building 3000-contract volume bars ...
  Total bars: 12,423  |  RTH bars: 8,976
Running backtest ...
  Pre-computing indicators (12,423 bars)...
  Running strategy loop...
  [DIAG] spike triggers: range=0 delta=3 vcool_threshold_hits=0 | bars_blocked spike=51 vcool=0 | peak_range_ratio=2.67
  [DIAG] risk_model=v12_32_fixed setups_killed_by_RM_floor=45
  [DIAG] funnel {'armed': 215, 'regime': 0, 'm1_extra': 17, 'rm_floor': 45, 'cool_stop': 0, 'qual': 144, 'entered': 9} | days: RTH=69 armed=55 traded=9
  Generated 18 records  (9 completed trades)

==============================================================
  IOF NQ AUTOPILOT — BACKTEST SUMMARY  (NQZ25-CME)
==============================================================
  Total trades    : 9
  Win rate        : 55.6%  (5W / 4L)
  Net P&L         : $-530.00
  Avg win         : $398.00
  Avg loss        : $-630.00
  Profit factor   : 0.79
--------------------------------------------------------------
  Mode      Trades       WR     Net P&L
  M1             4    25.0%   -1,090.00
  M2             1   100.0%      155.00
  M6             4    75.0%      405.00
--------------------------------------------------------------
  Exit reasons: FLATTEN:1, STOP:3, T2:1, TRAIL:4
==============================================================

CSV written to: C:\Users\17034\MyFolder\IOF_NQ_Production_Final\IOF_NQ_extslip_F.US.ENQZ25_prod_session.csv

========== SCENARIO: ext_slip0 ==========
  overrides: {'NEWS_FILTER': 1, 'TARGET_VOL': 3000, 'SCALE_OUT': False, 'MAX_TRADES': 6, 'DAILY_LOSS': 800.0, 'DAILY_PROF': 0.0, 'RTH_OPEN': 0, 'FLATTEN_HHMM': 1545, 'LATE_ENTRY_GATE': 1545, 'C_OPEN_COOL': 5, 'OVERNIGHT_SLIP_TICKS': 0.0}
Reading F.US.ENQZ25.scid
  File size: 1.37 GB  (34,258,109 records)  price_scale=÷1
  Loaded 34,258,109 records.
Building 3000-contract volume bars ...
  Total bars: 12,423  |  RTH bars: 10,730
Running backtest ...
  Pre-computing indicators (12,423 bars)...
  Running strategy loop...
  [DIAG] spike triggers: range=0 delta=3 vcool_threshold_hits=0 | bars_blocked spike=49 vcool=0 | peak_range_ratio=2.83
  [DIAG] risk_model=v12_32_fixed setups_killed_by_RM_floor=68
  [DIAG] funnel {'armed': 322, 'regime': 0, 'm1_extra': 29, 'rm_floor': 68, 'cool_stop': 0, 'qual': 183, 'entered': 42} | days: RTH=69 armed=64 traded=37
  Generated 84 records  (42 completed trades)

==============================================================
  IOF NQ AUTOPILOT — BACKTEST SUMMARY  (NQZ25-CME)
==============================================================
  Total trades    : 42
  Win rate        : 50.0%  (21W / 21L)
  Net P&L         : $2,417.96
  Avg win         : $785.71
  Avg loss        : $-670.57
  Profit factor   : 1.17
--------------------------------------------------------------
  Mode      Trades       WR     Net P&L
  M1            37    45.9%    1,570.00
  M2             1   100.0%      155.00
  M4             1   100.0%      495.00
  M6             3    66.7%      197.96
--------------------------------------------------------------
  Exit reasons: STOP:21, T2:1, TRAIL:20
==============================================================

CSV written to: C:\Users\17034\MyFolder\IOF_NQ_Production_Final\IOF_NQ_extslip_F.US.ENQZ25_ext_slip0.csv

========== SCENARIO: ext_slip1 ==========
  overrides: {'NEWS_FILTER': 1, 'TARGET_VOL': 3000, 'SCALE_OUT': False, 'MAX_TRADES': 6, 'DAILY_LOSS': 800.0, 'DAILY_PROF': 0.0, 'RTH_OPEN': 0, 'FLATTEN_HHMM': 1545, 'LATE_ENTRY_GATE': 1545, 'C_OPEN_COOL': 5, 'OVERNIGHT_SLIP_TICKS': 1.0}
Reading F.US.ENQZ25.scid
  File size: 1.37 GB  (34,258,109 records)  price_scale=÷1
  Loaded 34,258,109 records.
Building 3000-contract volume bars ...
  Total bars: 12,423  |  RTH bars: 10,730
Running backtest ...
  Pre-computing indicators (12,423 bars)...
  Running strategy loop...
  [DIAG] spike triggers: range=0 delta=3 vcool_threshold_hits=0 | bars_blocked spike=49 vcool=0 | peak_range_ratio=2.83
  [DIAG] risk_model=v12_32_fixed setups_killed_by_RM_floor=62
  [DIAG] funnel {'armed': 316, 'regime': 0, 'm1_extra': 29, 'rm_floor': 62, 'cool_stop': 0, 'qual': 183, 'entered': 42} | days: RTH=69 armed=64 traded=37
  Generated 84 records  (42 completed trades)

==============================================================
  IOF NQ AUTOPILOT — BACKTEST SUMMARY  (NQZ25-CME)
==============================================================
  Total trades    : 42
  Win rate        : 50.0%  (21W / 21L)
  Net P&L         : $2,152.96
  Avg win         : $779.76
  Avg loss        : $-677.24
  Profit factor   : 1.15
--------------------------------------------------------------
  Mode      Trades       WR     Net P&L
  M1            37    45.9%    1,305.00
  M2             1   100.0%      155.00
  M4             1   100.0%      495.00
  M6             3    66.7%      197.96
--------------------------------------------------------------
  Exit reasons: STOP:21, T2:1, TRAIL:20
==============================================================

CSV written to: C:\Users\17034\MyFolder\IOF_NQ_Production_Final\IOF_NQ_extslip_F.US.ENQZ25_ext_slip1.csv

========== SCENARIO: ext_slip2 ==========
  overrides: {'NEWS_FILTER': 1, 'TARGET_VOL': 3000, 'SCALE_OUT': False, 'MAX_TRADES': 6, 'DAILY_LOSS': 800.0, 'DAILY_PROF': 0.0, 'RTH_OPEN': 0, 'FLATTEN_HHMM': 1545, 'LATE_ENTRY_GATE': 1545, 'C_OPEN_COOL': 5, 'OVERNIGHT_SLIP_TICKS': 2.0}
Reading F.US.ENQZ25.scid
  File size: 1.37 GB  (34,258,109 records)  price_scale=÷1
  Loaded 34,258,109 records.
Building 3000-contract volume bars ...
  Total bars: 12,423  |  RTH bars: 10,730
Running backtest ...
  Pre-computing indicators (12,423 bars)...
  Running strategy loop...
  [DIAG] spike triggers: range=0 delta=3 vcool_threshold_hits=0 | bars_blocked spike=49 vcool=0 | peak_range_ratio=2.83
  [DIAG] risk_model=v12_32_fixed setups_killed_by_RM_floor=65
  [DIAG] funnel {'armed': 316, 'regime': 0, 'm1_extra': 29, 'rm_floor': 65, 'cool_stop': 0, 'qual': 180, 'entered': 42} | days: RTH=69 armed=64 traded=37
  Generated 84 records  (42 completed trades)

==============================================================
  IOF NQ AUTOPILOT — BACKTEST SUMMARY  (NQZ25-CME)
==============================================================
  Total trades    : 42
  Win rate        : 50.0%  (21W / 21L)
  Net P&L         : $1,887.96
  Avg win         : $773.81
  Avg loss        : $-683.91
  Profit factor   : 1.13
--------------------------------------------------------------
  Mode      Trades       WR     Net P&L
  M1            37    45.9%    1,040.00
  M2             1   100.0%      155.00
  M4             1   100.0%      495.00
  M6             3    66.7%      197.96
--------------------------------------------------------------
  Exit reasons: STOP:21, T2:1, TRAIL:20
==============================================================

CSV written to: C:\Users\17034\MyFolder\IOF_NQ_Production_Final\IOF_NQ_extslip_F.US.ENQZ25_ext_slip2.csv

========== SCENARIO: ext_slip3 ==========
  overrides: {'NEWS_FILTER': 1, 'TARGET_VOL': 3000, 'SCALE_OUT': False, 'MAX_TRADES': 6, 'DAILY_LOSS': 800.0, 'DAILY_PROF': 0.0, 'RTH_OPEN': 0, 'FLATTEN_HHMM': 1545, 'LATE_ENTRY_GATE': 1545, 'C_OPEN_COOL': 5, 'OVERNIGHT_SLIP_TICKS': 3.0}
Reading F.US.ENQZ25.scid
  File size: 1.37 GB  (34,258,109 records)  price_scale=÷1
  Loaded 34,258,109 records.
Building 3000-contract volume bars ...
  Total bars: 12,423  |  RTH bars: 10,730
Running backtest ...
  Pre-computing indicators (12,423 bars)...
  Running strategy loop...
  [DIAG] spike triggers: range=0 delta=3 vcool_threshold_hits=0 | bars_blocked spike=49 vcool=0 | peak_range_ratio=2.83
  [DIAG] risk_model=v12_32_fixed setups_killed_by_RM_floor=65
  [DIAG] funnel {'armed': 316, 'regime': 0, 'm1_extra': 29, 'rm_floor': 65, 'cool_stop': 0, 'qual': 180, 'entered': 42} | days: RTH=69 armed=64 traded=37
  Generated 84 records  (42 completed trades)

==============================================================
  IOF NQ AUTOPILOT — BACKTEST SUMMARY  (NQZ25-CME)
==============================================================
  Total trades    : 42
  Win rate        : 50.0%  (21W / 21L)
  Net P&L         : $1,622.96
  Avg win         : $767.86
  Avg loss        : $-690.57
  Profit factor   : 1.11
--------------------------------------------------------------
  Mode      Trades       WR     Net P&L
  M1            37    45.9%      775.00
  M2             1   100.0%      155.00
  M4             1   100.0%      495.00
  M6             3    66.7%      197.96
--------------------------------------------------------------
  Exit reasons: STOP:21, T2:1, TRAIL:20
==============================================================

CSV written to: C:\Users\17034\MyFolder\IOF_NQ_Production_Final\IOF_NQ_extslip_F.US.ENQZ25_ext_slip3.csv

===============================================================================================
COMPARISON on F.US.ENQZ25
===============================================================================================
Metric               prod_session      ext_slip0      ext_slip1      ext_slip2      ext_slip3
---------------------------------------------------------------------------------------------
Trades (N)                      9             42             42             42             42
Pre-9:35 exits                  0             31             31             31             31
Win rate %                   55.6           50.0           50.0           50.0           50.0
Total PnL $                  -530           2418           2153           1888           1623
Profit factor                0.79           1.17           1.15           1.13           1.11
Expectancy $/tr               -59             58             51             45             39
Max DD $                    -2520          -6335          -6395          -6455          -6515

Delta vs prod_session:
  ext_slip0     PnL $  +2,948  Trades  +33  MaxDD $  -3,815  -> test_better
  ext_slip1     PnL $  +2,683  Trades  +33  MaxDD $  -3,875  -> test_better
  ext_slip2     PnL $  +2,418  Trades  +33  MaxDD $  -3,935  -> test_better
  ext_slip3     PnL $  +2,153  Trades  +33  MaxDD $  -3,995  -> test_better
