
Overnight-slip sweep on F.US.ENQM25.scid (MT=6 extended session)

========== SCENARIO: prod_session ==========
  overrides: {'NEWS_FILTER': 1, 'TARGET_VOL': 3000, 'SCALE_OUT': False, 'MAX_TRADES': 6, 'DAILY_LOSS': 800.0, 'DAILY_PROF': 0.0, 'RTH_OPEN': 935, 'FLATTEN_HHMM': 1555, 'LATE_ENTRY_GATE': 1555, 'C_OPEN_COOL': 36}
Reading F.US.ENQM25.scid
  File size: 1.37 GB  (34,343,002 records)  price_scale=÷1
  Loaded 34,343,002 records.
Building 3000-contract volume bars ...
  Total bars: 12,481  |  RTH bars: 8,502
Running backtest ...
  Pre-computing indicators (12,481 bars)...
  Running strategy loop...
  [DIAG] spike triggers: range=1 delta=5 vcool_threshold_hits=0 | bars_blocked spike=94 vcool=0 | peak_range_ratio=3.43
  [DIAG] risk_model=v12_32_fixed setups_killed_by_RM_floor=18
  [DIAG] funnel {'armed': 131, 'regime': 0, 'm1_extra': 29, 'rm_floor': 18, 'cool_stop': 0, 'qual': 76, 'entered': 8} | days: RTH=68 armed=48 traded=8
  Generated 16 records  (8 completed trades)

==============================================================
  IOF NQ AUTOPILOT — BACKTEST SUMMARY  (NQZ25-CME)
==============================================================
  Total trades    : 8
  Win rate        : 62.5%  (5W / 3L)
  Net P&L         : $-1,220.00
  Avg win         : $205.00
  Avg loss        : $-748.33
  Profit factor   : 0.46
--------------------------------------------------------------
  Mode      Trades       WR     Net P&L
  M1             7    57.1%   -1,370.00
  M2             1   100.0%      150.00
--------------------------------------------------------------
  Exit reasons: STOP:3, TRAIL:5
==============================================================

CSV written to: C:\Users\17034\MyFolder\IOF_NQ_Production_Final\IOF_NQ_extslip_F.US.ENQM25_prod_session.csv

========== SCENARIO: ext_slip0 ==========
  overrides: {'NEWS_FILTER': 1, 'TARGET_VOL': 3000, 'SCALE_OUT': False, 'MAX_TRADES': 6, 'DAILY_LOSS': 800.0, 'DAILY_PROF': 0.0, 'RTH_OPEN': 0, 'FLATTEN_HHMM': 1545, 'LATE_ENTRY_GATE': 1545, 'C_OPEN_COOL': 5, 'OVERNIGHT_SLIP_TICKS': 0.0}
Reading F.US.ENQM25.scid
  File size: 1.37 GB  (34,343,002 records)  price_scale=÷1
  Loaded 34,343,002 records.
Building 3000-contract volume bars ...
  Total bars: 12,481  |  RTH bars: 10,548
Running backtest ...
  Pre-computing indicators (12,481 bars)...
  Running strategy loop...
  [DIAG] spike triggers: range=3 delta=5 vcool_threshold_hits=0 | bars_blocked spike=134 vcool=0 | peak_range_ratio=3.43
  [DIAG] risk_model=v12_32_fixed setups_killed_by_RM_floor=22
  [DIAG] funnel {'armed': 237, 'regime': 0, 'm1_extra': 47, 'rm_floor': 22, 'cool_stop': 0, 'qual': 124, 'entered': 44} | days: RTH=69 armed=63 traded=39
  Generated 88 records  (44 completed trades)

==============================================================
  IOF NQ AUTOPILOT — BACKTEST SUMMARY  (NQZ25-CME)
==============================================================
  Total trades    : 44
  Win rate        : 56.8%  (25W / 19L)
  Net P&L         : $2,960.00
  Avg win         : $712.40
  Avg loss        : $-781.58
  Profit factor   : 1.20
--------------------------------------------------------------
  Mode      Trades       WR     Net P&L
  M1            42    57.1%    3,560.00
  M4             1     0.0%     -805.00
  M6             1   100.0%      205.00
--------------------------------------------------------------
  Exit reasons: STOP:19, T2:1, TRAIL:24
==============================================================

CSV written to: C:\Users\17034\MyFolder\IOF_NQ_Production_Final\IOF_NQ_extslip_F.US.ENQM25_ext_slip0.csv

========== SCENARIO: ext_slip1 ==========
  overrides: {'NEWS_FILTER': 1, 'TARGET_VOL': 3000, 'SCALE_OUT': False, 'MAX_TRADES': 6, 'DAILY_LOSS': 800.0, 'DAILY_PROF': 0.0, 'RTH_OPEN': 0, 'FLATTEN_HHMM': 1545, 'LATE_ENTRY_GATE': 1545, 'C_OPEN_COOL': 5, 'OVERNIGHT_SLIP_TICKS': 1.0}
Reading F.US.ENQM25.scid
  File size: 1.37 GB  (34,343,002 records)  price_scale=÷1
  Loaded 34,343,002 records.
Building 3000-contract volume bars ...
  Total bars: 12,481  |  RTH bars: 10,548
Running backtest ...
  Pre-computing indicators (12,481 bars)...
  Running strategy loop...
  [DIAG] spike triggers: range=3 delta=5 vcool_threshold_hits=0 | bars_blocked spike=134 vcool=0 | peak_range_ratio=3.43
  [DIAG] risk_model=v12_32_fixed setups_killed_by_RM_floor=22
  [DIAG] funnel {'armed': 237, 'regime': 0, 'm1_extra': 47, 'rm_floor': 22, 'cool_stop': 0, 'qual': 124, 'entered': 44} | days: RTH=69 armed=63 traded=39
  Generated 88 records  (44 completed trades)

==============================================================
  IOF NQ AUTOPILOT — BACKTEST SUMMARY  (NQZ25-CME)
==============================================================
  Total trades    : 44
  Win rate        : 56.8%  (25W / 19L)
  Net P&L         : $2,710.00
  Avg win         : $706.40
  Avg loss        : $-786.84
  Profit factor   : 1.18
--------------------------------------------------------------
  Mode      Trades       WR     Net P&L
  M1            42    57.1%    3,315.00
  M4             1     0.0%     -805.00
  M6             1   100.0%      200.00
--------------------------------------------------------------
  Exit reasons: STOP:19, T2:1, TRAIL:24
==============================================================

CSV written to: C:\Users\17034\MyFolder\IOF_NQ_Production_Final\IOF_NQ_extslip_F.US.ENQM25_ext_slip1.csv

========== SCENARIO: ext_slip2 ==========
  overrides: {'NEWS_FILTER': 1, 'TARGET_VOL': 3000, 'SCALE_OUT': False, 'MAX_TRADES': 6, 'DAILY_LOSS': 800.0, 'DAILY_PROF': 0.0, 'RTH_OPEN': 0, 'FLATTEN_HHMM': 1545, 'LATE_ENTRY_GATE': 1545, 'C_OPEN_COOL': 5, 'OVERNIGHT_SLIP_TICKS': 2.0}
Reading F.US.ENQM25.scid
  File size: 1.37 GB  (34,343,002 records)  price_scale=÷1
  Loaded 34,343,002 records.
Building 3000-contract volume bars ...
  Total bars: 12,481  |  RTH bars: 10,548
Running backtest ...
  Pre-computing indicators (12,481 bars)...
  Running strategy loop...
  [DIAG] spike triggers: range=3 delta=5 vcool_threshold_hits=0 | bars_blocked spike=134 vcool=0 | peak_range_ratio=3.43
  [DIAG] risk_model=v12_32_fixed setups_killed_by_RM_floor=22
  [DIAG] funnel {'armed': 237, 'regime': 0, 'm1_extra': 47, 'rm_floor': 22, 'cool_stop': 0, 'qual': 124, 'entered': 44} | days: RTH=69 armed=63 traded=39
  Generated 88 records  (44 completed trades)

==============================================================
  IOF NQ AUTOPILOT — BACKTEST SUMMARY  (NQZ25-CME)
==============================================================
  Total trades    : 44
  Win rate        : 56.8%  (25W / 19L)
  Net P&L         : $2,460.00
  Avg win         : $700.40
  Avg loss        : $-792.11
  Profit factor   : 1.16
--------------------------------------------------------------
  Mode      Trades       WR     Net P&L
  M1            42    57.1%    3,070.00
  M4             1     0.0%     -805.00
  M6             1   100.0%      195.00
--------------------------------------------------------------
  Exit reasons: STOP:19, T2:1, TRAIL:24
==============================================================

CSV written to: C:\Users\17034\MyFolder\IOF_NQ_Production_Final\IOF_NQ_extslip_F.US.ENQM25_ext_slip2.csv

========== SCENARIO: ext_slip3 ==========
  overrides: {'NEWS_FILTER': 1, 'TARGET_VOL': 3000, 'SCALE_OUT': False, 'MAX_TRADES': 6, 'DAILY_LOSS': 800.0, 'DAILY_PROF': 0.0, 'RTH_OPEN': 0, 'FLATTEN_HHMM': 1545, 'LATE_ENTRY_GATE': 1545, 'C_OPEN_COOL': 5, 'OVERNIGHT_SLIP_TICKS': 3.0}
Reading F.US.ENQM25.scid
  File size: 1.37 GB  (34,343,002 records)  price_scale=÷1
  Loaded 34,343,002 records.
Building 3000-contract volume bars ...
  Total bars: 12,481  |  RTH bars: 10,548
Running backtest ...
  Pre-computing indicators (12,481 bars)...
  Running strategy loop...
  [DIAG] spike triggers: range=3 delta=5 vcool_threshold_hits=0 | bars_blocked spike=134 vcool=0 | peak_range_ratio=3.43
  [DIAG] risk_model=v12_32_fixed setups_killed_by_RM_floor=22
  [DIAG] funnel {'armed': 237, 'regime': 0, 'm1_extra': 47, 'rm_floor': 22, 'cool_stop': 0, 'qual': 124, 'entered': 44} | days: RTH=69 armed=63 traded=39
  Generated 88 records  (44 completed trades)

==============================================================
  IOF NQ AUTOPILOT — BACKTEST SUMMARY  (NQZ25-CME)
==============================================================
  Total trades    : 44
  Win rate        : 56.8%  (25W / 19L)
  Net P&L         : $2,210.00
  Avg win         : $694.40
  Avg loss        : $-797.37
  Profit factor   : 1.15
--------------------------------------------------------------
  Mode      Trades       WR     Net P&L
  M1            42    57.1%    2,825.00
  M4             1     0.0%     -805.00
  M6             1   100.0%      190.00
--------------------------------------------------------------
  Exit reasons: STOP:19, T2:1, TRAIL:24
==============================================================

CSV written to: C:\Users\17034\MyFolder\IOF_NQ_Production_Final\IOF_NQ_extslip_F.US.ENQM25_ext_slip3.csv

===============================================================================================
COMPARISON on F.US.ENQM25
===============================================================================================
Metric               prod_session      ext_slip0      ext_slip1      ext_slip2      ext_slip3
---------------------------------------------------------------------------------------------
Trades (N)                      8             44             44             44             44
Pre-9:35 exits                  0             30             30             30             30
Win rate %                   62.5           56.8           56.8           56.8           56.8
Total PnL $                 -1220           2960           2710           2460           2210
Profit factor                0.46           1.20           1.18           1.16           1.15
Expectancy $/tr              -152             67             62             56             50
Max DD $                    -2245          -4910          -5025          -5140          -5255

Delta vs prod_session:
  ext_slip0     PnL $  +4,180  Trades  +36  MaxDD $  -2,665  -> test_better
  ext_slip1     PnL $  +3,930  Trades  +36  MaxDD $  -2,780  -> test_better
  ext_slip2     PnL $  +3,680  Trades  +36  MaxDD $  -2,895  -> test_better
  ext_slip3     PnL $  +3,430  Trades  +36  MaxDD $  -3,010  -> test_better
