
A/B on F.US.ENQH26.scid: prod session vs extended 00:00-15:45

========== SCENARIO: prod_session ==========
  overrides: {'NEWS_FILTER': 1, 'TARGET_VOL': 3000, 'SCALE_OUT': False, 'MAX_TRADES': 1, 'DAILY_LOSS': 800.0, 'DAILY_PROF': 0.0, 'RTH_OPEN': 935, 'FLATTEN_HHMM': 1555, 'LATE_ENTRY_GATE': 1555, 'C_OPEN_COOL': 36}
Reading F.US.ENQH26.scid
  File size: 1.23 GB  (30,833,385 records)  price_scale=÷1
  Loaded 30,833,385 records.
Building 3000-contract volume bars ...
  Total bars: 11,137  |  RTH bars: 7,712
Running backtest ...
  Pre-computing indicators (11,137 bars)...
  Running strategy loop...
  [DIAG] spike triggers: range=0 delta=3 vcool_threshold_hits=0 | bars_blocked spike=60 vcool=0 | peak_range_ratio=2.98
  [DIAG] risk_model=v12_32_fixed setups_killed_by_RM_floor=23
  [DIAG] funnel {'armed': 165, 'regime': 0, 'm1_extra': 35, 'rm_floor': 23, 'cool_stop': 0, 'qual': 97, 'entered': 10} | days: RTH=67 armed=51 traded=10
  Generated 20 records  (10 completed trades)

==============================================================
  IOF NQ AUTOPILOT — BACKTEST SUMMARY  (NQZ25-CME)
==============================================================
  Total trades    : 10
  Win rate        : 70.0%  (7W / 3L)
  Net P&L         : $2,663.08
  Avg win         : $664.29
  Avg loss        : $-662.31
  Profit factor   : 2.34
--------------------------------------------------------------
  Mode      Trades       WR     Net P&L
  M1             6    66.7%    1,745.00
  M2             1   100.0%      150.00
  M4             2   100.0%    1,320.00
  M6             1     0.0%     -551.92
--------------------------------------------------------------
  Exit reasons: STOP:3, TRAIL:7
==============================================================

CSV written to: C:\Users\17034\MyFolder\IOF_NQ_Production_Final\IOF_NQ_extsess_F.US.ENQH26_prod_session.csv

========== SCENARIO: ext_session ==========
  overrides: {'NEWS_FILTER': 1, 'TARGET_VOL': 3000, 'SCALE_OUT': False, 'MAX_TRADES': 1, 'DAILY_LOSS': 800.0, 'DAILY_PROF': 0.0, 'RTH_OPEN': 0, 'FLATTEN_HHMM': 1545, 'LATE_ENTRY_GATE': 1545, 'C_OPEN_COOL': 5}
Reading F.US.ENQH26.scid
  File size: 1.23 GB  (30,833,385 records)  price_scale=÷1
  Loaded 30,833,385 records.
Building 3000-contract volume bars ...
  Total bars: 11,137  |  RTH bars: 9,539
Running backtest ...
  Pre-computing indicators (11,137 bars)...
  Running strategy loop...
  [DIAG] spike triggers: range=0 delta=3 vcool_threshold_hits=0 | bars_blocked spike=57 vcool=0 | peak_range_ratio=2.98
  [DIAG] risk_model=v12_32_fixed setups_killed_by_RM_floor=9
  [DIAG] funnel {'armed': 239, 'regime': 0, 'm1_extra': 41, 'rm_floor': 9, 'cool_stop': 0, 'qual': 163, 'entered': 26} | days: RTH=68 armed=63 traded=26
  Generated 52 records  (26 completed trades)

==============================================================
  IOF NQ AUTOPILOT — BACKTEST SUMMARY  (NQZ25-CME)
==============================================================
  Total trades    : 26
  Win rate        : 61.5%  (16W / 10L)
  Net P&L         : $3,845.00
  Avg win         : $714.06
  Avg loss        : $-758.00
  Profit factor   : 1.51
--------------------------------------------------------------
  Mode      Trades       WR     Net P&L
  M1            22    59.1%    3,845.00
  M2             2   100.0%      515.00
  M4             2    50.0%     -515.00
--------------------------------------------------------------
  Exit reasons: FLATTEN:1, STOP:9, TRAIL:16
==============================================================

CSV written to: C:\Users\17034\MyFolder\IOF_NQ_Production_Final\IOF_NQ_extsess_F.US.ENQH26_ext_session.csv

========== SCENARIO: ext_allcool5 ==========
  overrides: {'NEWS_FILTER': 1, 'TARGET_VOL': 3000, 'SCALE_OUT': False, 'MAX_TRADES': 1, 'DAILY_LOSS': 800.0, 'DAILY_PROF': 0.0, 'RTH_OPEN': 0, 'FLATTEN_HHMM': 1545, 'LATE_ENTRY_GATE': 1545, 'C_OPEN_COOL': 5, 'C_COOL_LOSS': 5, 'C_COOL_STOP': 5}
Reading F.US.ENQH26.scid
  File size: 1.23 GB  (30,833,385 records)  price_scale=÷1
  Loaded 30,833,385 records.
Building 3000-contract volume bars ...
  Total bars: 11,137  |  RTH bars: 9,539
Running backtest ...
  Pre-computing indicators (11,137 bars)...
  Running strategy loop...
  [DIAG] spike triggers: range=0 delta=3 vcool_threshold_hits=0 | bars_blocked spike=57 vcool=0 | peak_range_ratio=2.98
  [DIAG] risk_model=v12_32_fixed setups_killed_by_RM_floor=9
  [DIAG] funnel {'armed': 239, 'regime': 0, 'm1_extra': 41, 'rm_floor': 9, 'cool_stop': 0, 'qual': 163, 'entered': 26} | days: RTH=68 armed=63 traded=26
  Generated 52 records  (26 completed trades)

==============================================================
  IOF NQ AUTOPILOT — BACKTEST SUMMARY  (NQZ25-CME)
==============================================================
  Total trades    : 26
  Win rate        : 61.5%  (16W / 10L)
  Net P&L         : $3,845.00
  Avg win         : $714.06
  Avg loss        : $-758.00
  Profit factor   : 1.51
--------------------------------------------------------------
  Mode      Trades       WR     Net P&L
  M1            22    59.1%    3,845.00
  M2             2   100.0%      515.00
  M4             2    50.0%     -515.00
--------------------------------------------------------------
  Exit reasons: FLATTEN:1, STOP:9, TRAIL:16
==============================================================

CSV written to: C:\Users\17034\MyFolder\IOF_NQ_Production_Final\IOF_NQ_extsess_F.US.ENQH26_ext_allcool5.csv

================================================================================
COMPARISON on F.US.ENQH26
================================================================================
Metric                 prod_session      ext_session     ext_allcool5
---------------------------------------------------------------------
Trades (N)                       10               26               26
Pre-9:35 exits                    0               15               15
Wins / Losses                   7/3            16/10            16/10
Win rate %                     70.0             61.5             61.5
Total PnL $                    2663             3845             3845
Profit factor                  2.34             1.51             1.51
Avg win $                       664              714              714
Avg loss $                     -662             -758             -758
Expectancy $/tr                 266              148              148
Max DD $                      -1837            -4465            -4465

Delta vs prod_session:
  ext_session     PnL $  +1,182  Trades  +16  MaxDD $  -2,628  -> test_better
  ext_allcool5    PnL $  +1,182  Trades  +16  MaxDD $  -2,628  -> test_better

Mode mix:
Mode       prod_session      ext_session     ext_allcool5
M1                    6               22               22
M2                    1                2                2
M4                    2                2                2
M6                    1                0                0
