
========== NQZ25 :: baseline_news_off ==========
  NEWS_OVERRIDE_M4_RECLAIM = False
Reading C:\Users\17034\MyFolder\IOF_NQ_Production_Final\NQZ25-CME.scid
  File size: 0.51 GB  (12,774,761 records)  price_scale=÷1
  Loaded 12,774,761 records.
Building 3000-contract volume bars ...
  Total bars: 4,613  |  RTH bars: 3,310
Running backtest ...
  Pre-computing indicators (4,613 bars)...
  Running strategy loop...
  [DIAG] spike triggers: range=0 delta=0 vcool_threshold_hits=0 | bars_blocked spike=0 vcool=0 | peak_range_ratio=2.55
  [DIAG] risk_model=v12_32_fixed setups_killed_by_RM_floor=4
  Generated 8 records  (4 completed trades)

==============================================================
  IOF NQ AUTOPILOT — BACKTEST SUMMARY  (NQZ25-CME)
==============================================================
  Total trades    : 4
  Win rate        : 75.0%  (3W / 1L)
  Net P&L         : $5,415.00
  Avg win         : $1,983.33
  Avg loss        : $-535.00
  Profit factor   : 11.12
--------------------------------------------------------------
  Mode      Trades       WR     Net P&L
  M1             3    66.7%    2,140.00
  M6             1   100.0%    3,275.00
--------------------------------------------------------------
  Exit reasons: STOP:1, TRAIL:3
==============================================================

CSV written to: C:\Users\17034\MyFolder\IOF_NQ_Production_Final\IOF_NQ_backtest_news_ovr_NQZ25_baseline_news_off.csv

========== NQZ25 :: override_m4_clean ==========
  NEWS_OVERRIDE_M4_RECLAIM = True
Reading C:\Users\17034\MyFolder\IOF_NQ_Production_Final\NQZ25-CME.scid
  File size: 0.51 GB  (12,774,761 records)  price_scale=÷1
  Loaded 12,774,761 records.
Building 3000-contract volume bars ...
  Total bars: 4,613  |  RTH bars: 3,310
Running backtest ...
  Pre-computing indicators (4,613 bars)...
  Running strategy loop...
  [DIAG] spike triggers: range=0 delta=0 vcool_threshold_hits=0 | bars_blocked spike=0 vcool=0 | peak_range_ratio=2.55
  [DIAG] risk_model=v12_32_fixed setups_killed_by_RM_floor=4
  Generated 8 records  (4 completed trades)

==============================================================
  IOF NQ AUTOPILOT — BACKTEST SUMMARY  (NQZ25-CME)
==============================================================
  Total trades    : 4
  Win rate        : 75.0%  (3W / 1L)
  Net P&L         : $5,415.00
  Avg win         : $1,983.33
  Avg loss        : $-535.00
  Profit factor   : 11.12
--------------------------------------------------------------
  Mode      Trades       WR     Net P&L
  M1             3    66.7%    2,140.00
  M6             1   100.0%    3,275.00
--------------------------------------------------------------
  Exit reasons: STOP:1, TRAIL:3
==============================================================

CSV written to: C:\Users\17034\MyFolder\IOF_NQ_Production_Final\IOF_NQ_backtest_news_ovr_NQZ25_override_m4_clean.csv

========== NQM5 :: baseline_news_off ==========
  NEWS_OVERRIDE_M4_RECLAIM = False
Reading C:\SierraChart\Data\NQM5.CME.scid
  File size: 0.60 GB  (15,085,426 records)  price_scale=÷100
  Loaded 15,085,426 records.
Building 3000-contract volume bars ...
  Total bars: 5,494  |  RTH bars: 3,787
Running backtest ...
  Pre-computing indicators (5,494 bars)...
  Running strategy loop...
  [DIAG] spike triggers: range=2 delta=1 vcool_threshold_hits=0 | bars_blocked spike=24 vcool=0 | peak_range_ratio=3.69
  [DIAG] risk_model=v12_32_fixed setups_killed_by_RM_floor=22
  Generated 8 records  (4 completed trades)

==============================================================
  IOF NQ AUTOPILOT — BACKTEST SUMMARY  (NQZ25-CME)
==============================================================
  Total trades    : 4
  Win rate        : 100.0%  (4W / 0L)
  Net P&L         : $5,465.00
  Avg win         : $1,366.25
  Avg loss        : $0.00
  Profit factor   : inf
--------------------------------------------------------------
  Mode      Trades       WR     Net P&L
  M1             4   100.0%    5,465.00
--------------------------------------------------------------
  Exit reasons: TRAIL:4
==============================================================

CSV written to: C:\Users\17034\MyFolder\IOF_NQ_Production_Final\IOF_NQ_backtest_news_ovr_NQM5_baseline_news_off.csv

========== NQM5 :: override_m4_clean ==========
  NEWS_OVERRIDE_M4_RECLAIM = True
Reading C:\SierraChart\Data\NQM5.CME.scid
  File size: 0.60 GB  (15,085,426 records)  price_scale=÷100
  Loaded 15,085,426 records.
Building 3000-contract volume bars ...
  Total bars: 5,494  |  RTH bars: 3,787
Running backtest ...
  Pre-computing indicators (5,494 bars)...
  Running strategy loop...
  [DIAG] spike triggers: range=3 delta=1 vcool_threshold_hits=0 | bars_blocked spike=44 vcool=0 | peak_range_ratio=3.69
  [DIAG] risk_model=v12_32_fixed setups_killed_by_RM_floor=22
  Generated 8 records  (4 completed trades)

==============================================================
  IOF NQ AUTOPILOT — BACKTEST SUMMARY  (NQZ25-CME)
==============================================================
  Total trades    : 4
  Win rate        : 100.0%  (4W / 0L)
  Net P&L         : $5,465.00
  Avg win         : $1,366.25
  Avg loss        : $0.00
  Profit factor   : inf
--------------------------------------------------------------
  Mode      Trades       WR     Net P&L
  M1             4   100.0%    5,465.00
--------------------------------------------------------------
  Exit reasons: TRAIL:4
==============================================================

CSV written to: C:\Users\17034\MyFolder\IOF_NQ_Production_Final\IOF_NQ_backtest_news_ovr_NQM5_override_m4_clean.csv

========== NQH6 :: baseline_news_off ==========
  NEWS_OVERRIDE_M4_RECLAIM = False
Reading C:\SierraChart\Data\NQH6.CME.scid
  File size: 1.23 GB  (30,838,366 records)  price_scale=÷100
  Loaded 30,838,366 records.
Building 3000-contract volume bars ...
  Total bars: 11,140  |  RTH bars: 7,725
Running backtest ...
  Pre-computing indicators (11,140 bars)...
  Running strategy loop...
  [DIAG] spike triggers: range=0 delta=1 vcool_threshold_hits=0 | bars_blocked spike=20 vcool=0 | peak_range_ratio=2.76
  [DIAG] risk_model=v12_32_fixed setups_killed_by_RM_floor=18
  Generated 22 records  (11 completed trades)

==============================================================
  IOF NQ AUTOPILOT — BACKTEST SUMMARY  (NQZ25-CME)
==============================================================
  Total trades    : 11
  Win rate        : 63.6%  (7W / 4L)
  Net P&L         : $5,445.00
  Avg win         : $1,183.57
  Avg loss        : $-710.00
  Profit factor   : 2.92
--------------------------------------------------------------
  Mode      Trades       WR     Net P&L
  M1             9    55.6%    2,050.00
  M2             1   100.0%      205.00
  M6             1   100.0%    3,190.00
--------------------------------------------------------------
  Exit reasons: STOP:4, TRAIL:7
==============================================================

CSV written to: C:\Users\17034\MyFolder\IOF_NQ_Production_Final\IOF_NQ_backtest_news_ovr_NQH6_baseline_news_off.csv

========== NQH6 :: override_m4_clean ==========
  NEWS_OVERRIDE_M4_RECLAIM = True
Reading C:\SierraChart\Data\NQH6.CME.scid
  File size: 1.23 GB  (30,838,366 records)  price_scale=÷100
  Loaded 30,838,366 records.
Building 3000-contract volume bars ...
  Total bars: 11,140  |  RTH bars: 7,725
Running backtest ...
  Pre-computing indicators (11,140 bars)...
  Running strategy loop...
  [DIAG] spike triggers: range=0 delta=1 vcool_threshold_hits=0 | bars_blocked spike=20 vcool=0 | peak_range_ratio=2.76
  [DIAG] risk_model=v12_32_fixed setups_killed_by_RM_floor=18
  Generated 22 records  (11 completed trades)

==============================================================
  IOF NQ AUTOPILOT — BACKTEST SUMMARY  (NQZ25-CME)
==============================================================
  Total trades    : 11
  Win rate        : 63.6%  (7W / 4L)
  Net P&L         : $5,445.00
  Avg win         : $1,183.57
  Avg loss        : $-710.00
  Profit factor   : 2.92
--------------------------------------------------------------
  Mode      Trades       WR     Net P&L
  M1             9    55.6%    2,050.00
  M2             1   100.0%      205.00
  M6             1   100.0%    3,190.00
--------------------------------------------------------------
  Exit reasons: STOP:4, TRAIL:7
==============================================================

CSV written to: C:\Users\17034\MyFolder\IOF_NQ_Production_Final\IOF_NQ_backtest_news_ovr_NQH6_override_m4_clean.csv

============================================================================================
 NEWS-WINDOW OVERRIDE (M4 clean reclaim) — A/B SUMMARY
============================================================================================
  contract scenario                  n      WR     PF         Net   news_n  news_WR   news_PnL   rm_gtd
  NQZ25    baseline_news_off         4  75.0%  11.12      +5,415        0    0.0%         +0        4
  NQZ25    override_m4_clean         4  75.0%  11.12      +5,415        0    0.0%         +0        4

  NQM5     baseline_news_off         4 100.0%    inf      +5,465        0    0.0%         +0       22
  NQM5     override_m4_clean         4 100.0%    inf      +5,465        0    0.0%         +0       22

  NQH6     baseline_news_off        11  63.6%   3.47      +5,900        0    0.0%         +0       18
  NQH6     override_m4_clean        11  63.6%   3.47      +5,900        0    0.0%         +0       18

 Cross-contract verdict:
   NQZ25    delta = $+0  (baseline $+5,415 -> override $+5,415)  news-bar fires: 0 @ $+0
   NQM5     delta = $+0  (baseline $+5,465 -> override $+5,465)  news-bar fires: 0 @ $+0
   NQH6     delta = $+0  (baseline $+5,900 -> override $+5,900)  news-bar fires: 0 @ $+0

  AGREE neutral-or-better -- override does no harm. Ship if mechanism is sound.
