
========== NQZ25 :: v12_35_baseline ==========
  LATE_ENTRY_GATE = 1555
Reading C:\Users\17034\MyFolder\IOF_NQ_Production_Final\NQZ25-CME.scid
  File size: 0.51 GB  (12,774,761 records)  price_scale=÷1
  Loaded 12,774,761 records.
Building 3000-contract volume bars ...
  Total bars: 4,613  |  RTH bars: 3,310
Running backtest ...
  Pre-computing indicators (4,613 bars)...
  Running strategy loop...
  [DIAG] spike triggers: range=0 delta=0 vcool_threshold_hits=0 | bars_blocked spike=0 vcool=0 | peak_range_ratio=2.55
  [DIAG] risk_model=v12_32_fixed setups_killed_by_RM_floor=9
  Generated 10 records  (5 completed trades)

==============================================================
  IOF NQ AUTOPILOT — BACKTEST SUMMARY  (NQZ25-CME)
==============================================================
  Total trades    : 5
  Win rate        : 60.0%  (3W / 2L)
  Net P&L         : $4,840.00
  Avg win         : $1,983.33
  Avg loss        : $-555.00
  Profit factor   : 5.36
--------------------------------------------------------------
  Mode      Trades       WR     Net P&L
  M1             3    66.7%    2,140.00
  M2             1     0.0%     -575.00
  M6             1   100.0%    3,275.00
--------------------------------------------------------------
  Exit reasons: STOP:2, TRAIL:3
==============================================================

CSV written to: C:\Users\17034\MyFolder\IOF_NQ_Production_Final\IOF_NQ_backtest_NQZ25_v12_35_baseline.csv

========== NQZ25 :: v12_36_late_gate ==========
  LATE_ENTRY_GATE = 1500
Reading C:\Users\17034\MyFolder\IOF_NQ_Production_Final\NQZ25-CME.scid
  File size: 0.51 GB  (12,774,761 records)  price_scale=÷1
  Loaded 12,774,761 records.
Building 3000-contract volume bars ...
  Total bars: 4,613  |  RTH bars: 3,310
Running backtest ...
  Pre-computing indicators (4,613 bars)...
  Running strategy loop...
  [DIAG] spike triggers: range=0 delta=0 vcool_threshold_hits=0 | bars_blocked spike=0 vcool=0 | peak_range_ratio=2.55
  [DIAG] risk_model=v12_32_fixed setups_killed_by_RM_floor=4
  Generated 8 records  (4 completed trades)

==============================================================
  IOF NQ AUTOPILOT — BACKTEST SUMMARY  (NQZ25-CME)
==============================================================
  Total trades    : 4
  Win rate        : 75.0%  (3W / 1L)
  Net P&L         : $5,415.00
  Avg win         : $1,983.33
  Avg loss        : $-535.00
  Profit factor   : 11.12
--------------------------------------------------------------
  Mode      Trades       WR     Net P&L
  M1             3    66.7%    2,140.00
  M6             1   100.0%    3,275.00
--------------------------------------------------------------
  Exit reasons: STOP:1, TRAIL:3
==============================================================

CSV written to: C:\Users\17034\MyFolder\IOF_NQ_Production_Final\IOF_NQ_backtest_NQZ25_v12_36_late_gate.csv

========== NQM5 :: v12_35_baseline ==========
  LATE_ENTRY_GATE = 1555
Reading C:\SierraChart\Data\NQM5.CME.scid
  File size: 0.60 GB  (15,085,426 records)  price_scale=÷100
  Loaded 15,085,426 records.
Building 3000-contract volume bars ...
  Total bars: 5,494  |  RTH bars: 3,787
Running backtest ...
  Pre-computing indicators (5,494 bars)...
  Running strategy loop...
  [DIAG] spike triggers: range=2 delta=1 vcool_threshold_hits=0 | bars_blocked spike=24 vcool=0 | peak_range_ratio=3.69
  [DIAG] risk_model=v12_32_fixed setups_killed_by_RM_floor=31
  Generated 8 records  (4 completed trades)

==============================================================
  IOF NQ AUTOPILOT — BACKTEST SUMMARY  (NQZ25-CME)
==============================================================
  Total trades    : 4
  Win rate        : 100.0%  (4W / 0L)
  Net P&L         : $5,465.00
  Avg win         : $1,366.25
  Avg loss        : $0.00
  Profit factor   : inf
--------------------------------------------------------------
  Mode      Trades       WR     Net P&L
  M1             4   100.0%    5,465.00
--------------------------------------------------------------
  Exit reasons: TRAIL:4
==============================================================

CSV written to: C:\Users\17034\MyFolder\IOF_NQ_Production_Final\IOF_NQ_backtest_NQM5_v12_35_baseline.csv

========== NQM5 :: v12_36_late_gate ==========
  LATE_ENTRY_GATE = 1500
Reading C:\SierraChart\Data\NQM5.CME.scid
  File size: 0.60 GB  (15,085,426 records)  price_scale=÷100
  Loaded 15,085,426 records.
Building 3000-contract volume bars ...
  Total bars: 5,494  |  RTH bars: 3,787
Running backtest ...
  Pre-computing indicators (5,494 bars)...
  Running strategy loop...
  [DIAG] spike triggers: range=2 delta=1 vcool_threshold_hits=0 | bars_blocked spike=24 vcool=0 | peak_range_ratio=3.69
  [DIAG] risk_model=v12_32_fixed setups_killed_by_RM_floor=22
  Generated 8 records  (4 completed trades)

==============================================================
  IOF NQ AUTOPILOT — BACKTEST SUMMARY  (NQZ25-CME)
==============================================================
  Total trades    : 4
  Win rate        : 100.0%  (4W / 0L)
  Net P&L         : $5,465.00
  Avg win         : $1,366.25
  Avg loss        : $0.00
  Profit factor   : inf
--------------------------------------------------------------
  Mode      Trades       WR     Net P&L
  M1             4   100.0%    5,465.00
--------------------------------------------------------------
  Exit reasons: TRAIL:4
==============================================================

CSV written to: C:\Users\17034\MyFolder\IOF_NQ_Production_Final\IOF_NQ_backtest_NQM5_v12_36_late_gate.csv

========== NQH6 :: v12_35_baseline ==========
  LATE_ENTRY_GATE = 1555
Reading C:\SierraChart\Data\NQH6.CME.scid
  File size: 1.23 GB  (30,838,366 records)  price_scale=÷100
  Loaded 30,838,366 records.
Building 3000-contract volume bars ...
  Total bars: 11,140  |  RTH bars: 7,725
Running backtest ...
  Pre-computing indicators (11,140 bars)...
  Running strategy loop...
  [DIAG] spike triggers: range=0 delta=1 vcool_threshold_hits=0 | bars_blocked spike=20 vcool=0 | peak_range_ratio=2.76
  [DIAG] risk_model=v12_32_fixed setups_killed_by_RM_floor=30
  Generated 26 records  (13 completed trades)

==============================================================
  IOF NQ AUTOPILOT — BACKTEST SUMMARY  (NQZ25-CME)
==============================================================
  Total trades    : 13
  Win rate        : 61.5%  (8W / 5L)
  Net P&L         : $4,925.00
  Avg win         : $1,052.50
  Avg loss        : $-699.00
  Profit factor   : 2.41
--------------------------------------------------------------
  Mode      Trades       WR     Net P&L
  M1            10    50.0%    1,395.00
  M2             1   100.0%      205.00
  M6             2   100.0%    3,325.00
--------------------------------------------------------------
  Exit reasons: STOP:5, TRAIL:8
==============================================================

CSV written to: C:\Users\17034\MyFolder\IOF_NQ_Production_Final\IOF_NQ_backtest_NQH6_v12_35_baseline.csv

========== NQH6 :: v12_36_late_gate ==========
  LATE_ENTRY_GATE = 1500
Reading C:\SierraChart\Data\NQH6.CME.scid
  File size: 1.23 GB  (30,838,366 records)  price_scale=÷100
  Loaded 30,838,366 records.
Building 3000-contract volume bars ...
  Total bars: 11,140  |  RTH bars: 7,725
Running backtest ...
  Pre-computing indicators (11,140 bars)...
  Running strategy loop...
  [DIAG] spike triggers: range=0 delta=1 vcool_threshold_hits=0 | bars_blocked spike=20 vcool=0 | peak_range_ratio=2.76
  [DIAG] risk_model=v12_32_fixed setups_killed_by_RM_floor=18
  Generated 22 records  (11 completed trades)

==============================================================
  IOF NQ AUTOPILOT — BACKTEST SUMMARY  (NQZ25-CME)
==============================================================
  Total trades    : 11
  Win rate        : 63.6%  (7W / 4L)
  Net P&L         : $5,445.00
  Avg win         : $1,183.57
  Avg loss        : $-710.00
  Profit factor   : 2.92
--------------------------------------------------------------
  Mode      Trades       WR     Net P&L
  M1             9    55.6%    2,050.00
  M2             1   100.0%      205.00
  M6             1   100.0%    3,190.00
--------------------------------------------------------------
  Exit reasons: STOP:4, TRAIL:7
==============================================================

CSV written to: C:\Users\17034\MyFolder\IOF_NQ_Production_Final\IOF_NQ_backtest_NQH6_v12_36_late_gate.csv

================================================================================
 v12.36 LATE-ENTRY GATE — A/B SUMMARY
================================================================================
  contract scenario                  n      WR     PF         Net   late_n   late_pnl   rm_gtd
  NQZ25    v12_35_baseline           5  60.0%   6.40      +5,020        1       -395        9
  NQZ25    v12_36_late_gate          4  75.0%  11.12      +5,415        0         +0        4

  NQM5     v12_35_baseline           4 100.0%    inf      +5,465        0         +0       31
  NQM5     v12_36_late_gate          4 100.0%    inf      +5,465        0         +0       22

  NQH6     v12_35_baseline          13  61.5%   2.77      +5,380        2       -520       30
  NQH6     v12_36_late_gate         11  63.6%   3.47      +5,900        0         +0       18

 Cross-contract verdict:
   NQZ25    delta = $+395  (baseline $+5,020 -> gate $+5,415)
   NQM5     delta = $+0  (baseline $+5,465 -> gate $+5,465)
   NQH6     delta = $+520  (baseline $+5,380 -> gate $+5,900)
Traceback (most recent call last):
  File "C:\Users\17034\MyFolder\IOF_NQ_Production_Final\backtest_v12_36_ab.py", line 144, in <module>
    main()
    ~~~~^^
  File "C:\Users\17034\MyFolder\IOF_NQ_Production_Final\backtest_v12_36_ab.py", line 136, in main
    print("\n  \u2713 AGREE neutral-or-better — rule does no harm. Ship if mechanism is sound.")
    ~~~~~^^^^^^^^^^^^^^^^^^^^^^^^^^^^^^^^^^^^^^^^^^^^^^^^^^^^^^^^^^^^^^^^^^^^^^^^^^^^^^^^^^
  File "C:\Program Files\WindowsApps\PythonSoftwareFoundation.Python.3.13_3.13.3568.0_x64__qbz5n2kfra8p0\Lib\encodings\cp1252.py", line 19, in encode
    return codecs.charmap_encode(input,self.errors,encoding_table)[0]
           ~~~~~~~~~~~~~~~~~~~~~^^^^^^^^^^^^^^^^^^^^^^^^^^^^^^^^^^
UnicodeEncodeError: 'charmap' codec can't encode character '\u2713' in position 4: character maps to <undefined>
